../Core/Inc/spi.h:32:6:wait_cycles	16	static,ignoring_inline_asm
../Core/Inc/spi.h:39:6:SPI_Write_8	24	static
../Core/Inc/spi.h:56:6:SPI_Write_24	24	static
../Core/Inc/spi.h:73:9:SPI_Read_8	16	static
../Core/Inc/spi.h:97:10:SPI_Read_24	16	static
../Core/Inc/spi.h:120:10:TDC7200_Read_Register	24	static
../Core/Inc/spi.h:145:6:TDC7200_Write_Register	24	static
../Core/Src/main.c:72:6:Set_Pot_Value	32	static
../Core/Src/main.c:91:6:Intialize_TDC	48	static
../Core/Src/main.c:116:8:take_measurement	104	static
../Core/Src/main.c:170:8:calculate_offset	16	static
../Core/Src/main.c:182:5:main	144	static
../Core/Src/main.c:281:6:SystemClock_Config	96	static
../Core/Src/main.c:331:13:MX_I2C1_Init	8	static
../Core/Src/main.c:379:13:MX_USART2_UART_Init	8	static
../Core/Src/main.c:414:13:MX_GPIO_Init	40	static
../Core/Src/main.c:488:6:Error_Handler	4	static,ignoring_inline_asm
